// Jest Snapshot v1, https://goo.gl/fbAQLP

exports[`renders correctly 1`] = `
<RCTScrollView
  contentContainerStyle={
    Object {
      "flexGrow": 1,
    }
  }
  refreshControl={
    <RefreshControlMock
      onRefresh={[Function]}
      refreshing={false}
    />
  }
  scrollEnabled={true}
>
  <RCTRefreshControl />
  <View>
    <View
      style={
        Object {
          "flex": 1,
          "flexDirection": "column",
        }
      }
    >
      <View
        style={
          Object {
            "alignSelf": "stretch",
            "flex": 1,
          }
        }
      >
        <Image
          source={1}
          style={
            Array [
              Object {
                "bottom": 0,
                "left": 0,
                "position": "absolute",
                "right": 0,
                "top": 0,
              },
              Object {
                "height": undefined,
                "width": undefined,
              },
              undefined,
            ]
          }
        />
        <View
          style={
            Object {
              "alignItems": "center",
              "backgroundColor": "rgba(0,0,0,0.5)",
              "flex": 10,
              "justifyContent": "center",
              "padding": 10,
            }
          }
        >
          <View
            style={
              Object {
                "borderColor": "#000",
                "borderRadius": 30,
                "borderWidth": 1,
                "height": 90,
                "width": 90,
              }
            }
          >
            <Image
              source={
                Object {
                  "uri": "blah",
                }
              }
              style={
                Object {
                  "alignItems": "stretch",
                  "borderColor": "#cfd2d4",
                  "borderWidth": 5,
                  "flex": 1,
                  "width": null,
                }
              }
            />
          </View>
          <Text
            accessible={true}
            allowFontScaling={true}
            ellipsizeMode="tail"
            style={
              Object {
                "color": "#fff",
                "fontSize": 16,
                "fontWeight": "bold",
                "marginTop": 20,
              }
            }
          >
            
          </Text>
          <View
            accessibilityComponentType={undefined}
            accessibilityLabel={undefined}
            accessibilityTraits={undefined}
            accessible={true}
            collapsable={undefined}
            hasTVPreferredFocus={undefined}
            hitSlop={undefined}
            isTVSelectable={true}
            nativeID={undefined}
            onLayout={undefined}
            onResponderGrant={[Function]}
            onResponderMove={[Function]}
            onResponderRelease={[Function]}
            onResponderTerminate={[Function]}
            onResponderTerminationRequest={[Function]}
            onStartShouldSetResponder={[Function]}
            style={
              Object {
                "alignItems": "center",
                "backgroundColor": "#BFDDEF",
                "borderColor": "#000",
                "borderRadius": 30,
                "height": 50,
                "justifyContent": "center",
                "marginTop": 10,
                "opacity": 1,
                "width": 90,
              }
            }
            testID={undefined}
            tvParallaxProperties={undefined}
          >
            <Text
              accessible={true}
              allowFontScaling={true}
              ellipsizeMode="tail"
            >
              Notifications
            </Text>
          </View>
          <View
            accessibilityComponentType={undefined}
            accessibilityLabel={undefined}
            accessibilityTraits={undefined}
            accessible={true}
            collapsable={undefined}
            hasTVPreferredFocus={undefined}
            hitSlop={undefined}
            isTVSelectable={true}
            nativeID={undefined}
            onLayout={undefined}
            onResponderGrant={[Function]}
            onResponderMove={[Function]}
            onResponderRelease={[Function]}
            onResponderTerminate={[Function]}
            onResponderTerminationRequest={[Function]}
            onStartShouldSetResponder={[Function]}
            style={
              Object {
                "alignItems": "center",
                "backgroundColor": "#BFDDEF",
                "borderColor": "#000",
                "borderRadius": 30,
                "height": 50,
                "justifyContent": "center",
                "marginTop": 10,
                "opacity": 1,
                "width": 90,
              }
            }
            testID={undefined}
            tvParallaxProperties={undefined}
          >
            <Text
              accessible={true}
              allowFontScaling={true}
              ellipsizeMode="tail"
            >
              Visualization
            </Text>
          </View>
        </View>
        <View
          style={
            Object {
              "backgroundColor": "#64678f",
              "flex": 0.4,
              "flexDirection": "column",
            }
          }
        >
          <View
            style={
              Object {
                "borderTopColor": "#000",
                "borderTopWidth": 4,
                "flex": 0.3,
                "flexDirection": "row",
              }
            }
          >
            <View
              style={
                Array [
                  Object {
                    "alignItems": "center",
                    "flex": 1,
                    "padding": 15,
                  },
                  Object {
                    "borderRightWidth": 4,
                  },
                ]
              }
            >
              <Text
                accessible={true}
                allowFontScaling={true}
                ellipsizeMode="tail"
                style={
                  Object {
                    "color": "#fff",
                    "fontSize": 12,
                    "fontStyle": "italic",
                    "fontWeight": "bold",
                  }
                }
              >
                -1
              </Text>
              <Text
                accessible={true}
                allowFontScaling={true}
                ellipsizeMode="tail"
                onPress={[Function]}
                style={
                  Object {
                    "color": "#fff",
                    "fontSize": 14,
                    "fontWeight": "bold",
                    "textAlign": "center",
                    "width": 80,
                  }
                }
              >
                Followers
              </Text>
            </View>
            <View
              style={
                Array [
                  Object {
                    "alignItems": "center",
                    "flex": 1,
                    "padding": 15,
                  },
                  Object {
                    "borderRightWidth": 4,
                  },
                ]
              }
            >
              <Text
                accessible={true}
                allowFontScaling={true}
                ellipsizeMode="tail"
                style={
                  Object {
                    "color": "#fff",
                    "fontSize": 12,
                    "fontStyle": "italic",
                    "fontWeight": "bold",
                  }
                }
              >
                -1
              </Text>
              <Text
                accessible={true}
                allowFontScaling={true}
                ellipsizeMode="tail"
                onPress={[Function]}
                style={
                  Object {
                    "color": "#fff",
                    "fontSize": 14,
                    "fontWeight": "bold",
                    "textAlign": "center",
                    "width": 80,
                  }
                }
              >
                Following
              </Text>
            </View>
            <View
              style={
                Object {
                  "alignItems": "center",
                  "flex": 1,
                  "padding": 15,
                }
              }
            >
              <Text
                accessible={true}
                allowFontScaling={true}
                ellipsizeMode="tail"
                style={
                  Object {
                    "color": "#fff",
                    "fontSize": 12,
                    "fontStyle": "italic",
                    "fontWeight": "bold",
                  }
                }
              >
                -1
              </Text>
              <Text
                accessible={true}
                allowFontScaling={true}
                ellipsizeMode="tail"
                onPress={[Function]}
                style={
                  Object {
                    "color": "#fff",
                    "fontSize": 14,
                    "fontWeight": "bold",
                    "textAlign": "center",
                    "width": 80,
                  }
                }
              >
                Repository
              </Text>
            </View>
          </View>
          <View
            style={
              Object {
                "alignItems": "center",
                "borderTopColor": "#000",
                "borderTopWidth": 4,
                "flex": 0.1,
                "padding": 10,
              }
            }
          >
            <Text
              accessible={true}
              allowFontScaling={true}
              ellipsizeMode="tail"
              style={
                Object {
                  "color": "#fff",
                  "fontSize": 12,
                  "fontStyle": "italic",
                  "fontWeight": "bold",
                }
              }
            >
              Created at
            </Text>
            <Text
              accessible={true}
              allowFontScaling={true}
              ellipsizeMode="tail"
              style={
                Object {
                  "color": "#fff",
                  "fontSize": 14,
                  "fontWeight": "bold",
                  "textAlign": "center",
                  "width": 80,
                }
              }
            >
              
            </Text>
          </View>
        </View>
      </View>
    </View>
  </View>
</RCTScrollView>
`;
